// Jest Snapshot v1, https://goo.gl/fbAQLP

exports[`should render the Header component 1`] = `
ShallowWrapper {
  Symbol(enzyme.__root__): [Circular],
  Symbol(enzyme.__unrendered__): <Header />,
  Symbol(enzyme.__renderer__): Object {
    "batchedUpdates": [Function],
    "getNode": [Function],
    "render": [Function],
    "simulateError": [Function],
    "simulateEvent": [Function],
    "unmount": [Function],
  },
  Symbol(enzyme.__node__): Object {
    "instance": null,
    "key": undefined,
    "nodeType": "host",
    "props": Object {
      "children": <div
        className="container"
      >
        <div
          className="left"
        >
          <div
            className="logo"
          >
            CHORLTON
          </div>
        </div>
        <div
          className="right"
        >
          <div
            className="top"
          >
            <Link
              replace={false}
              to="/login"
            >
              Admin
            </Link>
          </div>
          <div
            className="bottom"
          >
            <Link
              replace={false}
              to="/"
            >
              Home
            </Link>
            <Link
              replace={false}
              to="/messageboard"
            >
              Messages
            </Link>
            <Link
              replace={false}
              to="/sports"
            >
              Sports & Social
            </Link>
            <Link
              replace={false}
              to="/achievements"
            >
              Achievements
            </Link>
            <Link
              replace={false}
              to="/sitePerformance"
            >
              Site Performance
            </Link>
            <Link
              replace={false}
              to="/manager"
            >
              Manager
            </Link>
            <Link
              replace={false}
              to="/feedback"
            >
              Feedback
            </Link>
          </div>
        </div>
      </div>,
      "className": "bck_b_light",
    },
    "ref": null,
    "rendered": Object {
      "instance": null,
      "key": undefined,
      "nodeType": "host",
      "props": Object {
        "children": Array [
          <div
            className="left"
          >
            <div
              className="logo"
            >
              CHORLTON
            </div>
          </div>,
          <div
            className="right"
          >
            <div
              className="top"
            >
              <Link
                replace={false}
                to="/login"
              >
                Admin
              </Link>
            </div>
            <div
              className="bottom"
            >
              <Link
                replace={false}
                to="/"
              >
                Home
              </Link>
              <Link
                replace={false}
                to="/messageboard"
              >
                Messages
              </Link>
              <Link
                replace={false}
                to="/sports"
              >
                Sports & Social
              </Link>
              <Link
                replace={false}
                to="/achievements"
              >
                Achievements
              </Link>
              <Link
                replace={false}
                to="/sitePerformance"
              >
                Site Performance
              </Link>
              <Link
                replace={false}
                to="/manager"
              >
                Manager
              </Link>
              <Link
                replace={false}
                to="/feedback"
              >
                Feedback
              </Link>
            </div>
          </div>,
        ],
        "className": "container",
      },
      "ref": null,
      "rendered": Array [
        Object {
          "instance": null,
          "key": undefined,
          "nodeType": "host",
          "props": Object {
            "children": <div
              className="logo"
            >
              CHORLTON
            </div>,
            "className": "left",
          },
          "ref": null,
          "rendered": Object {
            "instance": null,
            "key": undefined,
            "nodeType": "host",
            "props": Object {
              "children": "CHORLTON",
              "className": "logo",
            },
            "ref": null,
            "rendered": "CHORLTON",
            "type": "div",
          },
          "type": "div",
        },
        Object {
          "instance": null,
          "key": undefined,
          "nodeType": "host",
          "props": Object {
            "children": Array [
              <div
                className="top"
              >
                <Link
                  replace={false}
                  to="/login"
                >
                  Admin
                </Link>
              </div>,
              <div
                className="bottom"
              >
                <Link
                  replace={false}
                  to="/"
                >
                  Home
                </Link>
                <Link
                  replace={false}
                  to="/messageboard"
                >
                  Messages
                </Link>
                <Link
                  replace={false}
                  to="/sports"
                >
                  Sports & Social
                </Link>
                <Link
                  replace={false}
                  to="/achievements"
                >
                  Achievements
                </Link>
                <Link
                  replace={false}
                  to="/sitePerformance"
                >
                  Site Performance
                </Link>
                <Link
                  replace={false}
                  to="/manager"
                >
                  Manager
                </Link>
                <Link
                  replace={false}
                  to="/feedback"
                >
                  Feedback
                </Link>
              </div>,
            ],
            "className": "right",
          },
          "ref": null,
          "rendered": Array [
            Object {
              "instance": null,
              "key": undefined,
              "nodeType": "host",
              "props": Object {
                "children": Array [
                  <Link
                    replace={false}
                    to="/login"
                  >
                    Admin
                  </Link>,
                ],
                "className": "top",
              },
              "ref": null,
              "rendered": Array [
                Object {
                  "instance": null,
                  "key": "0",
                  "nodeType": "class",
                  "props": Object {
                    "children": "Admin",
                    "replace": false,
                    "to": "/login",
                  },
                  "ref": null,
                  "rendered": "Admin",
                  "type": [Function],
                },
              ],
              "type": "div",
            },
            Object {
              "instance": null,
              "key": undefined,
              "nodeType": "host",
              "props": Object {
                "children": Array [
                  <Link
                    replace={false}
                    to="/"
                  >
                    Home
                  </Link>,
                  <Link
                    replace={false}
                    to="/messageboard"
                  >
                    Messages
                  </Link>,
                  <Link
                    replace={false}
                    to="/sports"
                  >
                    Sports & Social
                  </Link>,
                  <Link
                    replace={false}
                    to="/achievements"
                  >
                    Achievements
                  </Link>,
                  <Link
                    replace={false}
                    to="/sitePerformance"
                  >
                    Site Performance
                  </Link>,
                  <Link
                    replace={false}
                    to="/manager"
                  >
                    Manager
                  </Link>,
                  <Link
                    replace={false}
                    to="/feedback"
                  >
                    Feedback
                  </Link>,
                ],
                "className": "bottom",
              },
              "ref": null,
              "rendered": Array [
                Object {
                  "instance": null,
                  "key": "0",
                  "nodeType": "class",
                  "props": Object {
                    "children": "Home",
                    "replace": false,
                    "to": "/",
                  },
                  "ref": null,
                  "rendered": "Home",
                  "type": [Function],
                },
                Object {
                  "instance": null,
                  "key": "1",
                  "nodeType": "class",
                  "props": Object {
                    "children": "Messages",
                    "replace": false,
                    "to": "/messageboard",
                  },
                  "ref": null,
                  "rendered": "Messages",
                  "type": [Function],
                },
                Object {
                  "instance": null,
                  "key": "2",
                  "nodeType": "class",
                  "props": Object {
                    "children": "Sports & Social",
                    "replace": false,
                    "to": "/sports",
                  },
                  "ref": null,
                  "rendered": "Sports & Social",
                  "type": [Function],
                },
                Object {
                  "instance": null,
                  "key": "3",
                  "nodeType": "class",
                  "props": Object {
                    "children": "Achievements",
                    "replace": false,
                    "to": "/achievements",
                  },
                  "ref": null,
                  "rendered": "Achievements",
                  "type": [Function],
                },
                Object {
                  "instance": null,
                  "key": "4",
                  "nodeType": "class",
                  "props": Object {
                    "children": "Site Performance",
                    "replace": false,
                    "to": "/sitePerformance",
                  },
                  "ref": null,
                  "rendered": "Site Performance",
                  "type": [Function],
                },
                Object {
                  "instance": null,
                  "key": "5",
                  "nodeType": "class",
                  "props": Object {
                    "children": "Manager",
                    "replace": false,
                    "to": "/manager",
                  },
                  "ref": null,
                  "rendered": "Manager",
                  "type": [Function],
                },
                Object {
                  "instance": null,
                  "key": "6",
                  "nodeType": "class",
                  "props": Object {
                    "children": "Feedback",
                    "replace": false,
                    "to": "/feedback",
                  },
                  "ref": null,
                  "rendered": "Feedback",
                  "type": [Function],
                },
              ],
              "type": "div",
            },
          ],
          "type": "div",
        },
      ],
      "type": "div",
    },
    "type": "header",
  },
  Symbol(enzyme.__nodes__): Array [
    Object {
      "instance": null,
      "key": undefined,
      "nodeType": "host",
      "props": Object {
        "children": <div
          className="container"
        >
          <div
            className="left"
          >
            <div
              className="logo"
            >
              CHORLTON
            </div>
          </div>
          <div
            className="right"
          >
            <div
              className="top"
            >
              <Link
                replace={false}
                to="/login"
              >
                Admin
              </Link>
            </div>
            <div
              className="bottom"
            >
              <Link
                replace={false}
                to="/"
              >
                Home
              </Link>
              <Link
                replace={false}
                to="/messageboard"
              >
                Messages
              </Link>
              <Link
                replace={false}
                to="/sports"
              >
                Sports & Social
              </Link>
              <Link
                replace={false}
                to="/achievements"
              >
                Achievements
              </Link>
              <Link
                replace={false}
                to="/sitePerformance"
              >
                Site Performance
              </Link>
              <Link
                replace={false}
                to="/manager"
              >
                Manager
              </Link>
              <Link
                replace={false}
                to="/feedback"
              >
                Feedback
              </Link>
            </div>
          </div>
        </div>,
        "className": "bck_b_light",
      },
      "ref": null,
      "rendered": Object {
        "instance": null,
        "key": undefined,
        "nodeType": "host",
        "props": Object {
          "children": Array [
            <div
              className="left"
            >
              <div
                className="logo"
              >
                CHORLTON
              </div>
            </div>,
            <div
              className="right"
            >
              <div
                className="top"
              >
                <Link
                  replace={false}
                  to="/login"
                >
                  Admin
                </Link>
              </div>
              <div
                className="bottom"
              >
                <Link
                  replace={false}
                  to="/"
                >
                  Home
                </Link>
                <Link
                  replace={false}
                  to="/messageboard"
                >
                  Messages
                </Link>
                <Link
                  replace={false}
                  to="/sports"
                >
                  Sports & Social
                </Link>
                <Link
                  replace={false}
                  to="/achievements"
                >
                  Achievements
                </Link>
                <Link
                  replace={false}
                  to="/sitePerformance"
                >
                  Site Performance
                </Link>
                <Link
                  replace={false}
                  to="/manager"
                >
                  Manager
                </Link>
                <Link
                  replace={false}
                  to="/feedback"
                >
                  Feedback
                </Link>
              </div>
            </div>,
          ],
          "className": "container",
        },
        "ref": null,
        "rendered": Array [
          Object {
            "instance": null,
            "key": undefined,
            "nodeType": "host",
            "props": Object {
              "children": <div
                className="logo"
              >
                CHORLTON
              </div>,
              "className": "left",
            },
            "ref": null,
            "rendered": Object {
              "instance": null,
              "key": undefined,
              "nodeType": "host",
              "props": Object {
                "children": "CHORLTON",
                "className": "logo",
              },
              "ref": null,
              "rendered": "CHORLTON",
              "type": "div",
            },
            "type": "div",
          },
          Object {
            "instance": null,
            "key": undefined,
            "nodeType": "host",
            "props": Object {
              "children": Array [
                <div
                  className="top"
                >
                  <Link
                    replace={false}
                    to="/login"
                  >
                    Admin
                  </Link>
                </div>,
                <div
                  className="bottom"
                >
                  <Link
                    replace={false}
                    to="/"
                  >
                    Home
                  </Link>
                  <Link
                    replace={false}
                    to="/messageboard"
                  >
                    Messages
                  </Link>
                  <Link
                    replace={false}
                    to="/sports"
                  >
                    Sports & Social
                  </Link>
                  <Link
                    replace={false}
                    to="/achievements"
                  >
                    Achievements
                  </Link>
                  <Link
                    replace={false}
                    to="/sitePerformance"
                  >
                    Site Performance
                  </Link>
                  <Link
                    replace={false}
                    to="/manager"
                  >
                    Manager
                  </Link>
                  <Link
                    replace={false}
                    to="/feedback"
                  >
                    Feedback
                  </Link>
                </div>,
              ],
              "className": "right",
            },
            "ref": null,
            "rendered": Array [
              Object {
                "instance": null,
                "key": undefined,
                "nodeType": "host",
                "props": Object {
                  "children": Array [
                    <Link
                      replace={false}
                      to="/login"
                    >
                      Admin
                    </Link>,
                  ],
                  "className": "top",
                },
                "ref": null,
                "rendered": Array [
                  Object {
                    "instance": null,
                    "key": "0",
                    "nodeType": "class",
                    "props": Object {
                      "children": "Admin",
                      "replace": false,
                      "to": "/login",
                    },
                    "ref": null,
                    "rendered": "Admin",
                    "type": [Function],
                  },
                ],
                "type": "div",
              },
              Object {
                "instance": null,
                "key": undefined,
                "nodeType": "host",
                "props": Object {
                  "children": Array [
                    <Link
                      replace={false}
                      to="/"
                    >
                      Home
                    </Link>,
                    <Link
                      replace={false}
                      to="/messageboard"
                    >
                      Messages
                    </Link>,
                    <Link
                      replace={false}
                      to="/sports"
                    >
                      Sports & Social
                    </Link>,
                    <Link
                      replace={false}
                      to="/achievements"
                    >
                      Achievements
                    </Link>,
                    <Link
                      replace={false}
                      to="/sitePerformance"
                    >
                      Site Performance
                    </Link>,
                    <Link
                      replace={false}
                      to="/manager"
                    >
                      Manager
                    </Link>,
                    <Link
                      replace={false}
                      to="/feedback"
                    >
                      Feedback
                    </Link>,
                  ],
                  "className": "bottom",
                },
                "ref": null,
                "rendered": Array [
                  Object {
                    "instance": null,
                    "key": "0",
                    "nodeType": "class",
                    "props": Object {
                      "children": "Home",
                      "replace": false,
                      "to": "/",
                    },
                    "ref": null,
                    "rendered": "Home",
                    "type": [Function],
                  },
                  Object {
                    "instance": null,
                    "key": "1",
                    "nodeType": "class",
                    "props": Object {
                      "children": "Messages",
                      "replace": false,
                      "to": "/messageboard",
                    },
                    "ref": null,
                    "rendered": "Messages",
                    "type": [Function],
                  },
                  Object {
                    "instance": null,
                    "key": "2",
                    "nodeType": "class",
                    "props": Object {
                      "children": "Sports & Social",
                      "replace": false,
                      "to": "/sports",
                    },
                    "ref": null,
                    "rendered": "Sports & Social",
                    "type": [Function],
                  },
                  Object {
                    "instance": null,
                    "key": "3",
                    "nodeType": "class",
                    "props": Object {
                      "children": "Achievements",
                      "replace": false,
                      "to": "/achievements",
                    },
                    "ref": null,
                    "rendered": "Achievements",
                    "type": [Function],
                  },
                  Object {
                    "instance": null,
                    "key": "4",
                    "nodeType": "class",
                    "props": Object {
                      "children": "Site Performance",
                      "replace": false,
                      "to": "/sitePerformance",
                    },
                    "ref": null,
                    "rendered": "Site Performance",
                    "type": [Function],
                  },
                  Object {
                    "instance": null,
                    "key": "5",
                    "nodeType": "class",
                    "props": Object {
                      "children": "Manager",
                      "replace": false,
                      "to": "/manager",
                    },
                    "ref": null,
                    "rendered": "Manager",
                    "type": [Function],
                  },
                  Object {
                    "instance": null,
                    "key": "6",
                    "nodeType": "class",
                    "props": Object {
                      "children": "Feedback",
                      "replace": false,
                      "to": "/feedback",
                    },
                    "ref": null,
                    "rendered": "Feedback",
                    "type": [Function],
                  },
                ],
                "type": "div",
              },
            ],
            "type": "div",
          },
        ],
        "type": "div",
      },
      "type": "header",
    },
  ],
  Symbol(enzyme.__options__): Object {
    "adapter": ReactSixteenAdapter {
      "options": Object {
        "enableComponentDidUpdateOnSetState": true,
        "lifecycles": Object {
          "componentDidUpdate": Object {
            "onSetState": true,
          },
          "getDerivedStateFromProps": true,
          "getSnapshotBeforeUpdate": true,
          "setState": Object {
            "skipsComponentDidUpdateOnNullish": true,
          },
        },
      },
    },
  },
}
`;
