// Jest Snapshot v1, https://goo.gl/fbAQLP

exports[`should render the Login component 1`] = `
ShallowWrapper {
  Symbol(enzyme.__root__): [Circular],
  Symbol(enzyme.__unrendered__): <Login
    auth={
      Object {
        "isAuthenticated": false,
      }
    }
    loginUser={[MockFunction]}
  />,
  Symbol(enzyme.__renderer__): Object {
    "batchedUpdates": [Function],
    "getNode": [Function],
    "render": [Function],
    "simulateError": [Function],
    "simulateEvent": [Function],
    "unmount": [Function],
  },
  Symbol(enzyme.__node__): Object {
    "instance": null,
    "key": undefined,
    "nodeType": "class",
    "props": Object {
      "children": <div>
        <div
          className="signin_wrapper"
        >
          <form
            onSubmit={[Function]}
          >
            <h1>
              ADMIN USER -- LOGIN
            </h1>
            <TextFieldGroup
              name="staffnumber"
              onChange={[Function]}
              placeholder="Staff Number"
              type="text"
              value=""
            />
            <TextFieldGroup
              name="password"
              onChange={[Function]}
              placeholder="Password"
              type="password"
              value=""
            />
            <input
              type="submit"
              value="Login"
            />
          </form>
        </div>
      </div>,
    },
    "ref": null,
    "rendered": Object {
      "instance": null,
      "key": undefined,
      "nodeType": "host",
      "props": Object {
        "children": <div
          className="signin_wrapper"
        >
          <form
            onSubmit={[Function]}
          >
            <h1>
              ADMIN USER -- LOGIN
            </h1>
            <TextFieldGroup
              name="staffnumber"
              onChange={[Function]}
              placeholder="Staff Number"
              type="text"
              value=""
            />
            <TextFieldGroup
              name="password"
              onChange={[Function]}
              placeholder="Password"
              type="password"
              value=""
            />
            <input
              type="submit"
              value="Login"
            />
          </form>
        </div>,
      },
      "ref": null,
      "rendered": Object {
        "instance": null,
        "key": undefined,
        "nodeType": "host",
        "props": Object {
          "children": <form
            onSubmit={[Function]}
          >
            <h1>
              ADMIN USER -- LOGIN
            </h1>
            <TextFieldGroup
              name="staffnumber"
              onChange={[Function]}
              placeholder="Staff Number"
              type="text"
              value=""
            />
            <TextFieldGroup
              name="password"
              onChange={[Function]}
              placeholder="Password"
              type="password"
              value=""
            />
            <input
              type="submit"
              value="Login"
            />
          </form>,
          "className": "signin_wrapper",
        },
        "ref": null,
        "rendered": Object {
          "instance": null,
          "key": undefined,
          "nodeType": "host",
          "props": Object {
            "children": Array [
              <h1>
                ADMIN USER -- LOGIN
              </h1>,
              <TextFieldGroup
                name="staffnumber"
                onChange={[Function]}
                placeholder="Staff Number"
                type="text"
                value=""
              />,
              <TextFieldGroup
                name="password"
                onChange={[Function]}
                placeholder="Password"
                type="password"
                value=""
              />,
              null,
              <input
                type="submit"
                value="Login"
              />,
            ],
            "onSubmit": [Function],
          },
          "ref": null,
          "rendered": Array [
            Object {
              "instance": null,
              "key": undefined,
              "nodeType": "host",
              "props": Object {
                "children": "ADMIN USER -- LOGIN",
              },
              "ref": null,
              "rendered": "ADMIN USER -- LOGIN",
              "type": "h1",
            },
            Object {
              "instance": null,
              "key": undefined,
              "nodeType": "function",
              "props": Object {
                "error": undefined,
                "name": "staffnumber",
                "onChange": [Function],
                "placeholder": "Staff Number",
                "type": "text",
                "value": "",
              },
              "ref": null,
              "rendered": null,
              "type": [Function],
            },
            Object {
              "instance": null,
              "key": undefined,
              "nodeType": "function",
              "props": Object {
                "error": undefined,
                "name": "password",
                "onChange": [Function],
                "placeholder": "Password",
                "type": "password",
                "value": "",
              },
              "ref": null,
              "rendered": null,
              "type": [Function],
            },
            null,
            Object {
              "instance": null,
              "key": undefined,
              "nodeType": "host",
              "props": Object {
                "type": "submit",
                "value": "Login",
              },
              "ref": null,
              "rendered": null,
              "type": "input",
            },
          ],
          "type": "form",
        },
        "type": "div",
      },
      "type": "div",
    },
    "type": [Function],
  },
  Symbol(enzyme.__nodes__): Array [
    Object {
      "instance": null,
      "key": undefined,
      "nodeType": "class",
      "props": Object {
        "children": <div>
          <div
            className="signin_wrapper"
          >
            <form
              onSubmit={[Function]}
            >
              <h1>
                ADMIN USER -- LOGIN
              </h1>
              <TextFieldGroup
                name="staffnumber"
                onChange={[Function]}
                placeholder="Staff Number"
                type="text"
                value=""
              />
              <TextFieldGroup
                name="password"
                onChange={[Function]}
                placeholder="Password"
                type="password"
                value=""
              />
              <input
                type="submit"
                value="Login"
              />
            </form>
          </div>
        </div>,
      },
      "ref": null,
      "rendered": Object {
        "instance": null,
        "key": undefined,
        "nodeType": "host",
        "props": Object {
          "children": <div
            className="signin_wrapper"
          >
            <form
              onSubmit={[Function]}
            >
              <h1>
                ADMIN USER -- LOGIN
              </h1>
              <TextFieldGroup
                name="staffnumber"
                onChange={[Function]}
                placeholder="Staff Number"
                type="text"
                value=""
              />
              <TextFieldGroup
                name="password"
                onChange={[Function]}
                placeholder="Password"
                type="password"
                value=""
              />
              <input
                type="submit"
                value="Login"
              />
            </form>
          </div>,
        },
        "ref": null,
        "rendered": Object {
          "instance": null,
          "key": undefined,
          "nodeType": "host",
          "props": Object {
            "children": <form
              onSubmit={[Function]}
            >
              <h1>
                ADMIN USER -- LOGIN
              </h1>
              <TextFieldGroup
                name="staffnumber"
                onChange={[Function]}
                placeholder="Staff Number"
                type="text"
                value=""
              />
              <TextFieldGroup
                name="password"
                onChange={[Function]}
                placeholder="Password"
                type="password"
                value=""
              />
              <input
                type="submit"
                value="Login"
              />
            </form>,
            "className": "signin_wrapper",
          },
          "ref": null,
          "rendered": Object {
            "instance": null,
            "key": undefined,
            "nodeType": "host",
            "props": Object {
              "children": Array [
                <h1>
                  ADMIN USER -- LOGIN
                </h1>,
                <TextFieldGroup
                  name="staffnumber"
                  onChange={[Function]}
                  placeholder="Staff Number"
                  type="text"
                  value=""
                />,
                <TextFieldGroup
                  name="password"
                  onChange={[Function]}
                  placeholder="Password"
                  type="password"
                  value=""
                />,
                null,
                <input
                  type="submit"
                  value="Login"
                />,
              ],
              "onSubmit": [Function],
            },
            "ref": null,
            "rendered": Array [
              Object {
                "instance": null,
                "key": undefined,
                "nodeType": "host",
                "props": Object {
                  "children": "ADMIN USER -- LOGIN",
                },
                "ref": null,
                "rendered": "ADMIN USER -- LOGIN",
                "type": "h1",
              },
              Object {
                "instance": null,
                "key": undefined,
                "nodeType": "function",
                "props": Object {
                  "error": undefined,
                  "name": "staffnumber",
                  "onChange": [Function],
                  "placeholder": "Staff Number",
                  "type": "text",
                  "value": "",
                },
                "ref": null,
                "rendered": null,
                "type": [Function],
              },
              Object {
                "instance": null,
                "key": undefined,
                "nodeType": "function",
                "props": Object {
                  "error": undefined,
                  "name": "password",
                  "onChange": [Function],
                  "placeholder": "Password",
                  "type": "password",
                  "value": "",
                },
                "ref": null,
                "rendered": null,
                "type": [Function],
              },
              null,
              Object {
                "instance": null,
                "key": undefined,
                "nodeType": "host",
                "props": Object {
                  "type": "submit",
                  "value": "Login",
                },
                "ref": null,
                "rendered": null,
                "type": "input",
              },
            ],
            "type": "form",
          },
          "type": "div",
        },
        "type": "div",
      },
      "type": [Function],
    },
  ],
  Symbol(enzyme.__options__): Object {
    "adapter": ReactSixteenAdapter {
      "options": Object {
        "enableComponentDidUpdateOnSetState": true,
        "lifecycles": Object {
          "componentDidUpdate": Object {
            "onSetState": true,
          },
          "getDerivedStateFromProps": true,
          "getSnapshotBeforeUpdate": true,
          "setState": Object {
            "skipsComponentDidUpdateOnNullish": true,
          },
        },
      },
    },
  },
}
`;
