// Jest Snapshot v1, https://goo.gl/fbAQLP

exports[`should render the MessageBoard component 1`] = `
ShallowWrapper {
  Symbol(enzyme.__root__): [Circular],
  Symbol(enzyme.__unrendered__): <MessageBoard
    getMessages={
      [MockFunction] {
        "calls": Array [
          Array [],
        ],
        "results": Array [
          Object {
            "isThrow": false,
            "value": undefined,
          },
        ],
      }
    }
    messages={
      Array [
        Object {
          "1": "message 1",
        },
        Object {
          "2": "message 2",
        },
        Object {
          "3": "message3",
        },
      ]
    }
  />,
  Symbol(enzyme.__renderer__): Object {
    "batchedUpdates": [Function],
    "getNode": [Function],
    "render": [Function],
    "simulateError": [Function],
    "simulateEvent": [Function],
    "unmount": [Function],
  },
  Symbol(enzyme.__node__): Object {
    "instance": null,
    "key": undefined,
    "nodeType": "host",
    "props": Object {
      "children": Array [
        "MessageBoard",
        Array [
          <div
            className=""
          >
            <h3>
               
               
            </h3>
            <h5>
               
               
            </h5>
            <h3>
               
               
            </h3>
            <h4>
                
               
            </h4>
          </div>,
          <div
            className=""
          >
            <h3>
               
               
            </h3>
            <h5>
               
               
            </h5>
            <h3>
               
               
            </h3>
            <h4>
                
               
            </h4>
          </div>,
          <div
            className=""
          >
            <h3>
               
               
            </h3>
            <h5>
               
               
            </h5>
            <h3>
               
               
            </h3>
            <h4>
                
               
            </h4>
          </div>,
        ],
        <MyComponent />,
      ],
      "className": "",
    },
    "ref": null,
    "rendered": Array [
      "MessageBoard",
      Object {
        "instance": null,
        "key": undefined,
        "nodeType": "host",
        "props": Object {
          "children": Array [
            <h3>
               
               
            </h3>,
            <h5>
               
               
            </h5>,
            <h3>
               
               
            </h3>,
            <h4>
                
               
            </h4>,
          ],
          "className": "",
        },
        "ref": null,
        "rendered": Array [
          Object {
            "instance": null,
            "key": undefined,
            "nodeType": "host",
            "props": Object {
              "children": Array [
                " ",
                undefined,
                " ",
              ],
            },
            "ref": null,
            "rendered": Array [
              " ",
              undefined,
              " ",
            ],
            "type": "h3",
          },
          Object {
            "instance": null,
            "key": undefined,
            "nodeType": "host",
            "props": Object {
              "children": Array [
                " ",
                undefined,
                " ",
              ],
            },
            "ref": null,
            "rendered": Array [
              " ",
              undefined,
              " ",
            ],
            "type": "h5",
          },
          Object {
            "instance": null,
            "key": undefined,
            "nodeType": "host",
            "props": Object {
              "children": Array [
                " ",
                undefined,
                " ",
              ],
            },
            "ref": null,
            "rendered": Array [
              " ",
              undefined,
              " ",
            ],
            "type": "h3",
          },
          Object {
            "instance": null,
            "key": undefined,
            "nodeType": "host",
            "props": Object {
              "children": Array [
                "  ",
                undefined,
                " ",
              ],
            },
            "ref": null,
            "rendered": Array [
              "  ",
              undefined,
              " ",
            ],
            "type": "h4",
          },
        ],
        "type": "div",
      },
      Object {
        "instance": null,
        "key": undefined,
        "nodeType": "host",
        "props": Object {
          "children": Array [
            <h3>
               
               
            </h3>,
            <h5>
               
               
            </h5>,
            <h3>
               
               
            </h3>,
            <h4>
                
               
            </h4>,
          ],
          "className": "",
        },
        "ref": null,
        "rendered": Array [
          Object {
            "instance": null,
            "key": undefined,
            "nodeType": "host",
            "props": Object {
              "children": Array [
                " ",
                undefined,
                " ",
              ],
            },
            "ref": null,
            "rendered": Array [
              " ",
              undefined,
              " ",
            ],
            "type": "h3",
          },
          Object {
            "instance": null,
            "key": undefined,
            "nodeType": "host",
            "props": Object {
              "children": Array [
                " ",
                undefined,
                " ",
              ],
            },
            "ref": null,
            "rendered": Array [
              " ",
              undefined,
              " ",
            ],
            "type": "h5",
          },
          Object {
            "instance": null,
            "key": undefined,
            "nodeType": "host",
            "props": Object {
              "children": Array [
                " ",
                undefined,
                " ",
              ],
            },
            "ref": null,
            "rendered": Array [
              " ",
              undefined,
              " ",
            ],
            "type": "h3",
          },
          Object {
            "instance": null,
            "key": undefined,
            "nodeType": "host",
            "props": Object {
              "children": Array [
                "  ",
                undefined,
                " ",
              ],
            },
            "ref": null,
            "rendered": Array [
              "  ",
              undefined,
              " ",
            ],
            "type": "h4",
          },
        ],
        "type": "div",
      },
      Object {
        "instance": null,
        "key": undefined,
        "nodeType": "host",
        "props": Object {
          "children": Array [
            <h3>
               
               
            </h3>,
            <h5>
               
               
            </h5>,
            <h3>
               
               
            </h3>,
            <h4>
                
               
            </h4>,
          ],
          "className": "",
        },
        "ref": null,
        "rendered": Array [
          Object {
            "instance": null,
            "key": undefined,
            "nodeType": "host",
            "props": Object {
              "children": Array [
                " ",
                undefined,
                " ",
              ],
            },
            "ref": null,
            "rendered": Array [
              " ",
              undefined,
              " ",
            ],
            "type": "h3",
          },
          Object {
            "instance": null,
            "key": undefined,
            "nodeType": "host",
            "props": Object {
              "children": Array [
                " ",
                undefined,
                " ",
              ],
            },
            "ref": null,
            "rendered": Array [
              " ",
              undefined,
              " ",
            ],
            "type": "h5",
          },
          Object {
            "instance": null,
            "key": undefined,
            "nodeType": "host",
            "props": Object {
              "children": Array [
                " ",
                undefined,
                " ",
              ],
            },
            "ref": null,
            "rendered": Array [
              " ",
              undefined,
              " ",
            ],
            "type": "h3",
          },
          Object {
            "instance": null,
            "key": undefined,
            "nodeType": "host",
            "props": Object {
              "children": Array [
                "  ",
                undefined,
                " ",
              ],
            },
            "ref": null,
            "rendered": Array [
              "  ",
              undefined,
              " ",
            ],
            "type": "h4",
          },
        ],
        "type": "div",
      },
      Object {
        "instance": null,
        "key": undefined,
        "nodeType": "class",
        "props": Object {},
        "ref": null,
        "rendered": null,
        "type": [Function],
      },
    ],
    "type": "div",
  },
  Symbol(enzyme.__nodes__): Array [
    Object {
      "instance": null,
      "key": undefined,
      "nodeType": "host",
      "props": Object {
        "children": Array [
          "MessageBoard",
          Array [
            <div
              className=""
            >
              <h3>
                 
                 
              </h3>
              <h5>
                 
                 
              </h5>
              <h3>
                 
                 
              </h3>
              <h4>
                  
                 
              </h4>
            </div>,
            <div
              className=""
            >
              <h3>
                 
                 
              </h3>
              <h5>
                 
                 
              </h5>
              <h3>
                 
                 
              </h3>
              <h4>
                  
                 
              </h4>
            </div>,
            <div
              className=""
            >
              <h3>
                 
                 
              </h3>
              <h5>
                 
                 
              </h5>
              <h3>
                 
                 
              </h3>
              <h4>
                  
                 
              </h4>
            </div>,
          ],
          <MyComponent />,
        ],
        "className": "",
      },
      "ref": null,
      "rendered": Array [
        "MessageBoard",
        Object {
          "instance": null,
          "key": undefined,
          "nodeType": "host",
          "props": Object {
            "children": Array [
              <h3>
                 
                 
              </h3>,
              <h5>
                 
                 
              </h5>,
              <h3>
                 
                 
              </h3>,
              <h4>
                  
                 
              </h4>,
            ],
            "className": "",
          },
          "ref": null,
          "rendered": Array [
            Object {
              "instance": null,
              "key": undefined,
              "nodeType": "host",
              "props": Object {
                "children": Array [
                  " ",
                  undefined,
                  " ",
                ],
              },
              "ref": null,
              "rendered": Array [
                " ",
                undefined,
                " ",
              ],
              "type": "h3",
            },
            Object {
              "instance": null,
              "key": undefined,
              "nodeType": "host",
              "props": Object {
                "children": Array [
                  " ",
                  undefined,
                  " ",
                ],
              },
              "ref": null,
              "rendered": Array [
                " ",
                undefined,
                " ",
              ],
              "type": "h5",
            },
            Object {
              "instance": null,
              "key": undefined,
              "nodeType": "host",
              "props": Object {
                "children": Array [
                  " ",
                  undefined,
                  " ",
                ],
              },
              "ref": null,
              "rendered": Array [
                " ",
                undefined,
                " ",
              ],
              "type": "h3",
            },
            Object {
              "instance": null,
              "key": undefined,
              "nodeType": "host",
              "props": Object {
                "children": Array [
                  "  ",
                  undefined,
                  " ",
                ],
              },
              "ref": null,
              "rendered": Array [
                "  ",
                undefined,
                " ",
              ],
              "type": "h4",
            },
          ],
          "type": "div",
        },
        Object {
          "instance": null,
          "key": undefined,
          "nodeType": "host",
          "props": Object {
            "children": Array [
              <h3>
                 
                 
              </h3>,
              <h5>
                 
                 
              </h5>,
              <h3>
                 
                 
              </h3>,
              <h4>
                  
                 
              </h4>,
            ],
            "className": "",
          },
          "ref": null,
          "rendered": Array [
            Object {
              "instance": null,
              "key": undefined,
              "nodeType": "host",
              "props": Object {
                "children": Array [
                  " ",
                  undefined,
                  " ",
                ],
              },
              "ref": null,
              "rendered": Array [
                " ",
                undefined,
                " ",
              ],
              "type": "h3",
            },
            Object {
              "instance": null,
              "key": undefined,
              "nodeType": "host",
              "props": Object {
                "children": Array [
                  " ",
                  undefined,
                  " ",
                ],
              },
              "ref": null,
              "rendered": Array [
                " ",
                undefined,
                " ",
              ],
              "type": "h5",
            },
            Object {
              "instance": null,
              "key": undefined,
              "nodeType": "host",
              "props": Object {
                "children": Array [
                  " ",
                  undefined,
                  " ",
                ],
              },
              "ref": null,
              "rendered": Array [
                " ",
                undefined,
                " ",
              ],
              "type": "h3",
            },
            Object {
              "instance": null,
              "key": undefined,
              "nodeType": "host",
              "props": Object {
                "children": Array [
                  "  ",
                  undefined,
                  " ",
                ],
              },
              "ref": null,
              "rendered": Array [
                "  ",
                undefined,
                " ",
              ],
              "type": "h4",
            },
          ],
          "type": "div",
        },
        Object {
          "instance": null,
          "key": undefined,
          "nodeType": "host",
          "props": Object {
            "children": Array [
              <h3>
                 
                 
              </h3>,
              <h5>
                 
                 
              </h5>,
              <h3>
                 
                 
              </h3>,
              <h4>
                  
                 
              </h4>,
            ],
            "className": "",
          },
          "ref": null,
          "rendered": Array [
            Object {
              "instance": null,
              "key": undefined,
              "nodeType": "host",
              "props": Object {
                "children": Array [
                  " ",
                  undefined,
                  " ",
                ],
              },
              "ref": null,
              "rendered": Array [
                " ",
                undefined,
                " ",
              ],
              "type": "h3",
            },
            Object {
              "instance": null,
              "key": undefined,
              "nodeType": "host",
              "props": Object {
                "children": Array [
                  " ",
                  undefined,
                  " ",
                ],
              },
              "ref": null,
              "rendered": Array [
                " ",
                undefined,
                " ",
              ],
              "type": "h5",
            },
            Object {
              "instance": null,
              "key": undefined,
              "nodeType": "host",
              "props": Object {
                "children": Array [
                  " ",
                  undefined,
                  " ",
                ],
              },
              "ref": null,
              "rendered": Array [
                " ",
                undefined,
                " ",
              ],
              "type": "h3",
            },
            Object {
              "instance": null,
              "key": undefined,
              "nodeType": "host",
              "props": Object {
                "children": Array [
                  "  ",
                  undefined,
                  " ",
                ],
              },
              "ref": null,
              "rendered": Array [
                "  ",
                undefined,
                " ",
              ],
              "type": "h4",
            },
          ],
          "type": "div",
        },
        Object {
          "instance": null,
          "key": undefined,
          "nodeType": "class",
          "props": Object {},
          "ref": null,
          "rendered": null,
          "type": [Function],
        },
      ],
      "type": "div",
    },
  ],
  Symbol(enzyme.__options__): Object {
    "adapter": ReactSixteenAdapter {
      "options": Object {
        "enableComponentDidUpdateOnSetState": true,
        "lifecycles": Object {
          "componentDidUpdate": Object {
            "onSetState": true,
          },
          "getDerivedStateFromProps": true,
          "getSnapshotBeforeUpdate": true,
          "setState": Object {
            "skipsComponentDidUpdateOnNullish": true,
          },
        },
      },
    },
  },
}
`;
